// Jest Snapshot v1, https://goo.gl/fbAQLP

exports[`Modelo de Evento Deve falhar ao criar um evento sem campos obrigat√≥rios (titulo) 1`] = `"eventos validation failed: titulo: Path \`titulo\` is required."`;
